// Jest Snapshot v1, https://goo.gl/fbAQLP

exports[`<Background /> 1`] = `
<div>
  <canvas
    style={
      Object {
        "height": "100%",
        "left": 0,
        "position": "absolute",
        "top": 0,
        "width": "100%",
      }
    }
  />
</div>
`;
